Using launch settings from src\TaskGenie.API\Properties\launchSettings.json...
Building...
info: Microsoft.EntityFrameworkCore.Update[30100]
      Saved 5 entities to in-memory store.
info: Microsoft.EntityFrameworkCore.Update[30100]
      Saved 8 entities to in-memory store.
info: Microsoft.EntityFrameworkCore.Update[30100]
      Saved 10 entities to in-memory store.
info: Microsoft.EntityFrameworkCore.Update[30100]
      Saved 1 entities to in-memory store.
info: Microsoft.EntityFrameworkCore.Update[30100]
      Saved 2 entities to in-memory store.
info: Microsoft.EntityFrameworkCore.Update[30100]
      Saved 7 entities to in-memory store.
info: Microsoft.EntityFrameworkCore.Update[30100]
      Saved 2 entities to in-memory store.
info: Microsoft.EntityFrameworkCore.Update[30100]
      Saved 8 entities to in-memory store.
info: Microsoft.EntityFrameworkCore.Update[30100]
      Saved 5 entities to in-memory store.
info: Microsoft.EntityFrameworkCore.Update[30100]
      Saved 19 entities to in-memory store.
info: Microsoft.EntityFrameworkCore.Update[30100]
      Saved 9 entities to in-memory store.
warn: Microsoft.AspNetCore.StaticFiles.StaticFileMiddleware[16]
      The WebRootPath was not found: C:\TaskGenieV2\src\TaskGenie.API\wwwroot. Static files may be unavailable.
info: Microsoft.Hosting.Lifetime[14]
      Now listening on: http://0.0.0.0:5258
info: Microsoft.Hosting.Lifetime[0]
      Application started. Press Ctrl+C to shut down.
info: Microsoft.Hosting.Lifetime[0]
      Hosting environment: Development
info: Microsoft.Hosting.Lifetime[0]
      Content root path: C:\TaskGenieV2\src\TaskGenie.API
warn: Microsoft.AspNetCore.HttpsPolicy.HttpsRedirectionMiddleware[3]
      Failed to determine the https port for redirect.
info: TaskGenie.Application.Common.Behaviors.LoggingBehavior[0]
      Handling LoginCommand
info: TaskGenie.Application.Common.Behaviors.LoggingBehavior[0]
      Handled LoginCommand
info: TaskGenie.Application.Common.Behaviors.LoggingBehavior[0]
      Handling GetProjectsByUserQuery
info: TaskGenie.Application.Common.Behaviors.LoggingBehavior[0]
      Handling GetMyTasksQuery
info: TaskGenie.Application.Common.Behaviors.LoggingBehavior[0]
      Handled GetProjectsByUserQuery
info: TaskGenie.Application.Common.Behaviors.LoggingBehavior[0]
      Handled GetMyTasksQuery
info: TaskGenie.Application.Common.Behaviors.LoggingBehavior[0]
      Handling GetTaskByIdQuery
info: TaskGenie.Application.Common.Behaviors.LoggingBehavior[0]
      Handling GetTaskCommentsQuery
info: TaskGenie.Application.Common.Behaviors.LoggingBehavior[0]
      Handling GetRiskHistoryQuery
info: TaskGenie.Application.Common.Behaviors.LoggingBehavior[0]
      Handled GetTaskCommentsQuery
info: TaskGenie.Application.Common.Behaviors.LoggingBehavior[0]
      Handled GetRiskHistoryQuery
info: TaskGenie.Application.Common.Behaviors.LoggingBehavior[0]
      Handled GetTaskByIdQuery
info: TaskGenie.Application.Common.Behaviors.LoggingBehavior[0]
      Handling UpdateTaskProgressCommand
info: Microsoft.EntityFrameworkCore.Update[30100]
      Saved 1 entities to in-memory store.
info: TaskGenie.Application.Common.Behaviors.LoggingBehavior[0]
      Handled UpdateTaskProgressCommand
info: TaskGenie.Application.Common.Behaviors.LoggingBehavior[0]
      Handling GetTaskByIdQuery
info: TaskGenie.Application.Common.Behaviors.LoggingBehavior[0]
      Handled GetTaskByIdQuery
info: TaskGenie.Application.Common.Behaviors.LoggingBehavior[0]
      Handling UpdateTaskProgressCommand
info: Microsoft.EntityFrameworkCore.Update[30100]
      Saved 1 entities to in-memory store.
info: Microsoft.EntityFrameworkCore.Update[30100]
      Saved 1 entities to in-memory store.
info: Microsoft.EntityFrameworkCore.Update[30100]
      Saved 1 entities to in-memory store.
info: Microsoft.EntityFrameworkCore.Update[30100]
      Saved 1 entities to in-memory store.
info: TaskGenie.Application.Common.Behaviors.LoggingBehavior[0]
      Handled UpdateTaskProgressCommand
info: TaskGenie.Application.Common.Behaviors.LoggingBehavior[0]
      Handling GetTaskByIdQuery
info: TaskGenie.Application.Common.Behaviors.LoggingBehavior[0]
      Handled GetTaskByIdQuery
info: TaskGenie.Application.Common.Behaviors.LoggingBehavior[0]
      Handling GetMyTasksQuery
info: TaskGenie.Application.Common.Behaviors.LoggingBehavior[0]
      Handled GetMyTasksQuery
info: TaskGenie.Application.Common.Behaviors.LoggingBehavior[0]
      Handling GetTasksByProjectQuery
info: TaskGenie.Application.Common.Behaviors.LoggingBehavior[0]
      Handled GetTasksByProjectQuery
info: TaskGenie.Application.Common.Behaviors.LoggingBehavior[0]
      Handling GetTasksByProjectQuery
info: TaskGenie.Application.Common.Behaviors.LoggingBehavior[0]
      Handled GetTasksByProjectQuery
info: TaskGenie.Application.Common.Behaviors.LoggingBehavior[0]
      Handling GetProjectScoreLeaderboardQuery
info: TaskGenie.Application.Common.Behaviors.LoggingBehavior[0]
      Handled GetProjectScoreLeaderboardQuery
info: TaskGenie.Application.Common.Behaviors.LoggingBehavior[0]
      Handling GetUserNotificationsQuery
info: TaskGenie.Application.Common.Behaviors.LoggingBehavior[0]
      Handled GetUserNotificationsQuery
info: TaskGenie.Application.Common.Behaviors.LoggingBehavior[0]
      Handling GetTasksByProjectQuery
info: TaskGenie.Application.Common.Behaviors.LoggingBehavior[0]
      Handling GetProjectScoreLeaderboardQuery
info: TaskGenie.Application.Common.Behaviors.LoggingBehavior[0]
      Handled GetTasksByProjectQuery
info: TaskGenie.Application.Common.Behaviors.LoggingBehavior[0]
      Handled GetProjectScoreLeaderboardQuery
info: TaskGenie.Application.Common.Behaviors.LoggingBehavior[0]
      Handling GetTeamByIdQuery
info: TaskGenie.Application.Common.Behaviors.LoggingBehavior[0]
      Handled GetTeamByIdQuery
info: TaskGenie.Application.Common.Behaviors.LoggingBehavior[0]
      Handling GetMyTasksQuery
info: TaskGenie.Application.Common.Behaviors.LoggingBehavior[0]
      Handled GetMyTasksQuery
info: TaskGenie.Application.Common.Behaviors.LoggingBehavior[0]
      Handling GetUserByIdQuery
info: TaskGenie.Application.Common.Behaviors.LoggingBehavior[0]
      Handling GetUserScoreSummaryQuery
info: TaskGenie.Application.Common.Behaviors.LoggingBehavior[0]
      Handled GetUserByIdQuery
info: TaskGenie.Application.Common.Behaviors.LoggingBehavior[0]
      Handled GetUserScoreSummaryQuery
info: TaskGenie.Application.Common.Behaviors.LoggingBehavior[0]
      Handling GetTasksByProjectQuery
info: TaskGenie.Application.Common.Behaviors.LoggingBehavior[0]
      Handled GetTasksByProjectQuery
info: TaskGenie.Application.Common.Behaviors.LoggingBehavior[0]
      Handling GetUserNotificationsQuery
info: TaskGenie.Application.Common.Behaviors.LoggingBehavior[0]
      Handled GetUserNotificationsQuery
info: TaskGenie.Application.Common.Behaviors.LoggingBehavior[0]
      Handling GetMyTasksQuery
info: TaskGenie.Application.Common.Behaviors.LoggingBehavior[0]
      Handled GetMyTasksQuery
